// Vitest Snapshot v1, https://vitest.dev/guide/snapshot.html

exports[`a night, from the tenth join to the result > posts one result embed when the end-of-game block is rated, and none on a re-post 1`] = `
{
  "embeds": [
    {
      "color": 15363945,
      "description": "Neither side was favored. Top damage: Player9, 22.3k.",
      "fields": [
        {
          "inline": true,
          "name": "Blue",
          "value": "\`top\` Player0 · 1088 (-112)
\`jungle\` Player1 · 1088 (-112)
\`mid\` Player2 · 1088 (-112)
\`adc\` Player3 · 1088 (-112)
\`support\` Player4 · 1088 (-112)",
        },
        {
          "inline": true,
          "name": "Red",
          "value": "\`top\` Player5 · 1312 (+112)
\`jungle\` Player6 · 1312 (+112)
\`mid\` Player7 · 1312 (+112)
\`adc\` Player8 · 1312 (+112)
\`support\` Player9 · 1312 (+112)",
        },
      ],
      "footer": {
        "text": "Kustom · game <n>",
      },
      "timestamp": "<timestamp>",
      "title": "Red wins · 32:00",
    },
  ],
}
`;

exports[`a night, from the tenth join to the result > posts one teams embed on balanced, and nothing more when the companion posts again 1`] = `
{
  "embeds": [
    {
      "color": 14721854,
      "description": "Even 50%. Everyone on a main role. Gap 0. Next best: swap Player4 and Player5, gap 0.",
      "fields": [
        {
          "name": "Seats",
          "value": "You'll be moved to your side — if not, move yourself.",
        },
        {
          "inline": true,
          "name": "Blue · 6000",
          "value": "\`top\` Player0 · 1200
\`jungle\` Player1 · 1200
\`mid\` Player2 · 1200
\`adc\` Player3 · 1200
\`support\` Player4 · 1200",
        },
        {
          "inline": true,
          "name": "Red · 6000",
          "value": "\`top\` Player5 · 1200
\`jungle\` Player6 · 1200
\`mid\` Player7 · 1200
\`adc\` Player8 · 1200
\`support\` Player9 · 1200",
        },
        {
          "name": "Lobby",
          "value": "\`customs-night\`",
        },
      ],
      "footer": {
        "text": "Kustom",
      },
      "timestamp": "<timestamp>",
      "title": "Teams are set",
    },
  ],
}
`;
